// Jest Snapshot v1, https://goo.gl/fbAQLP

exports[`Sass Parser match snapshot 1`] = `
"$Button: Button;
$Button__text: Button__text;
$Button--primary: Button--primary;
$isActive: is-active;
$animationSpeed: 0.2;
$backgroundColor: green;
$nested: (
  color: red,
  re-nested: (
   last-value: orange
  )
 );
$array: (
  blue,
  (
   background-color: red,
   font-size: 1rem
  )
 );
"
`;
